../Core/Src/main.c:263:5:main	32	static
../Core/Src/main.c:482:6:SystemClock_Config	80	static
../Core/Src/main.c:523:13:MX_ADC_Init	24	static
../Core/Src/main.c:625:13:MX_SPI1_Init	8	static
../Core/Src/main.c:664:13:MX_TIM1_Init	56	static
../Core/Src/main.c:717:13:MX_TIM14_Init	8	static
../Core/Src/main.c:748:13:MX_TIM16_Init	8	static
../Core/Src/main.c:780:13:MX_TIM17_Init	8	static
../Core/Src/main.c:810:13:MX_DMA_Init	16	static
../Core/Src/main.c:828:13:MX_GPIO_Init	56	static
../Core/Src/main.c:908:6:GPIOWrite	16	static
../Core/Src/main.c:922:5:GPIORead	16	static
../Core/Src/main.c:936:6:GPIOToggle	16	static
../Core/Src/main.c:946:6:Accelerate	16	static
../Core/Src/main.c:961:6:Deccelerate	16	static
../Core/Src/main.c:976:6:SetDirection	16	static
../Core/Src/main.c:1017:6:LowAccelerationHandle	16	static
../Core/Src/main.c:1039:6:MaxAccelerationHandle	16	static
../Core/Src/main.c:1058:6:HomeAxis	16	static
../Core/Src/main.c:1224:6:StopCheck	16	static
../Core/Src/main.c:1252:6:StopCheckHall	16	static
../Core/Src/main.c:1290:6:RequestCheck	24	static
../Core/Src/main.c:1317:10:GetSPICrd	16	static
../Core/Src/main.c:1327:6:ParseGCode	16	static
../Core/Src/main.c:1386:6:SetPIPinActive	8	static
../Core/Src/main.c:1396:6:SetPIPinIdle	8	static
../Core/Src/main.c:1406:5:ReadPIPin	8	static
../Core/Src/main.c:1417:6:HAL_TIM_PeriodElapsedCallback	16	static
../Core/Src/main.c:1490:6:HAL_SPI_TxCpltCallback	16	static
../Core/Src/main.c:1504:6:HAL_SPI_RxCpltCallback	16	static
../Core/Src/main.c:1520:6:Error_Handler	8	static,ignoring_inline_asm
