../Core/Src/main.c:279:5:main	32	static
../Core/Src/main.c:497:6:SystemClock_Config	80	static
../Core/Src/main.c:538:13:MX_ADC_Init	24	static
../Core/Src/main.c:640:13:MX_SPI1_Init	8	static
../Core/Src/main.c:679:13:MX_TIM1_Init	56	static
../Core/Src/main.c:732:13:MX_TIM14_Init	8	static
../Core/Src/main.c:763:13:MX_TIM16_Init	8	static
../Core/Src/main.c:795:13:MX_TIM17_Init	8	static
../Core/Src/main.c:825:13:MX_DMA_Init	16	static
../Core/Src/main.c:843:13:MX_GPIO_Init	56	static
../Core/Src/main.c:923:6:GPIOWrite	16	static
../Core/Src/main.c:937:5:GPIORead	16	static
../Core/Src/main.c:951:6:GPIOToggle	16	static
../Core/Src/main.c:961:6:InitAxis	16	static
../Core/Src/main.c:1011:6:Accelerate	16	static
../Core/Src/main.c:1026:6:Deccelerate	16	static
../Core/Src/main.c:1041:6:SetDirection	16	static
../Core/Src/main.c:1082:6:LowAccelerationHandle	16	static
../Core/Src/main.c:1104:6:MaxAccelerationHandle	16	static
../Core/Src/main.c:1123:6:HomeAxis	16	static
../Core/Src/main.c:1313:6:StopCheck	16	static
../Core/Src/main.c:1341:6:StopCheckHall	16	static
../Core/Src/main.c:1357:6:RequestCheck	24	static
../Core/Src/main.c:1384:10:GetSPICrd	16	static
../Core/Src/main.c:1394:6:ParseGCode	16	static
../Core/Src/main.c:1453:6:SetPIPinActive	8	static
../Core/Src/main.c:1463:6:SetPIPinIdle	8	static
../Core/Src/main.c:1473:5:ReadPIPin	8	static
../Core/Src/main.c:1484:6:HAL_TIM_PeriodElapsedCallback	16	static
../Core/Src/main.c:1554:6:HAL_SPI_TxCpltCallback	16	static
../Core/Src/main.c:1568:6:HAL_SPI_RxCpltCallback	16	static
../Core/Src/main.c:1584:6:Error_Handler	8	static,ignoring_inline_asm
